Removing previous test files...
Starting tests...
Running size:500
Running size:512
Running size:1022
Os valores de nx e ny estão acima do permitido. Tente valores menores.
Os valores de nx e ny estão acima do permitido. Tente valores menores.
dc: stack empty
dc: stack empty
Os valores de nx e ny estão acima do permitido. Tente valores menores.
dc: stack empty
dc: stack empty
Os valores de nx e ny estão acima do permitido. Tente valores menores.
dc: stack empty
dc: stack empty
Os valores de nx e ny estão acima do permitido. Tente valores menores.
dc: stack empty
dc: stack empty
Os valores de nx e ny estão acima do permitido. Tente valores menores.
dc: stack empty
dc: stack empty
Os valores de nx e ny estão acima do permitido. Tente valores menores.
dc: stack empty
dc: stack empty
Os valores de nx e ny estão acima do permitido. Tente valores menores.
dc: stack empty
dc: stack empty
Os valores de nx e ny estão acima do permitido. Tente valores menores.
dc: stack empty
dc: stack empty
Os valores de nx e ny estão acima do permitido. Tente valores menores.
dc: stack empty
dc: stack empty
Os valores de nx e ny estão acima do permitido. Tente valores menores.
dc: stack empty
dc: stack empty
Running size:1024
Os valores de nx e ny estão acima do permitido. Tente valores menores.
Os valores de nx e ny estão acima do permitido. Tente valores menores.
dc: stack empty
dc: stack empty
Os valores de nx e ny estão acima do permitido. Tente valores menores.
dc: stack empty
dc: stack empty
Os valores de nx e ny estão acima do permitido. Tente valores menores.
dc: stack empty
dc: stack empty
Os valores de nx e ny estão acima do permitido. Tente valores menores.
dc: stack empty
dc: stack empty
Os valores de nx e ny estão acima do permitido. Tente valores menores.
dc: stack empty
dc: stack empty
Os valores de nx e ny estão acima do permitido. Tente valores menores.
dc: stack empty
dc: stack empty
Os valores de nx e ny estão acima do permitido. Tente valores menores.
dc: stack empty
dc: stack empty
Os valores de nx e ny estão acima do permitido. Tente valores menores.
dc: stack empty
dc: stack empty
Os valores de nx e ny estão acima do permitido. Tente valores menores.
dc: stack empty
dc: stack empty
Os valores de nx e ny estão acima do permitido. Tente valores menores.
dc: stack empty
dc: stack empty
Running size:1026
Os valores de nx e ny estão acima do permitido. Tente valores menores.
Os valores de nx e ny estão acima do permitido. Tente valores menores.
dc: stack empty
dc: stack empty
Os valores de nx e ny estão acima do permitido. Tente valores menores.
dc: stack empty
dc: stack empty
Os valores de nx e ny estão acima do permitido. Tente valores menores.
dc: stack empty
dc: stack empty
Os valores de nx e ny estão acima do permitido. Tente valores menores.
dc: stack empty
dc: stack empty
Os valores de nx e ny estão acima do permitido. Tente valores menores.
dc: stack empty
dc: stack empty
Os valores de nx e ny estão acima do permitido. Tente valores menores.
dc: stack empty
dc: stack empty
Os valores de nx e ny estão acima do permitido. Tente valores menores.
dc: stack empty
dc: stack empty
Os valores de nx e ny estão acima do permitido. Tente valores menores.
dc: stack empty
dc: stack empty
Os valores de nx e ny estão acima do permitido. Tente valores menores.
dc: stack empty
dc: stack empty
Os valores de nx e ny estão acima do permitido. Tente valores menores.
dc: stack empty
dc: stack empty
Running size:1512
Os valores de nx e ny estão acima do permitido. Tente valores menores.
Os valores de nx e ny estão acima do permitido. Tente valores menores.
dc: stack empty
dc: stack empty
Os valores de nx e ny estão acima do permitido. Tente valores menores.
dc: stack empty
dc: stack empty
Os valores de nx e ny estão acima do permitido. Tente valores menores.
dc: stack empty
dc: stack empty
Os valores de nx e ny estão acima do permitido. Tente valores menores.
dc: stack empty
dc: stack empty
Os valores de nx e ny estão acima do permitido. Tente valores menores.
dc: stack empty
dc: stack empty
Os valores de nx e ny estão acima do permitido. Tente valores menores.
dc: stack empty
dc: stack empty
Os valores de nx e ny estão acima do permitido. Tente valores menores.
dc: stack empty
dc: stack empty
Os valores de nx e ny estão acima do permitido. Tente valores menores.
dc: stack empty
dc: stack empty
Os valores de nx e ny estão acima do permitido. Tente valores menores.
dc: stack empty
dc: stack empty
Os valores de nx e ny estão acima do permitido. Tente valores menores.
dc: stack empty
dc: stack empty
Running size:2046
Os valores de nx e ny estão acima do permitido. Tente valores menores.
Os valores de nx e ny estão acima do permitido. Tente valores menores.
dc: stack empty
dc: stack empty
Os valores de nx e ny estão acima do permitido. Tente valores menores.
dc: stack empty
dc: stack empty
Os valores de nx e ny estão acima do permitido. Tente valores menores.
dc: stack empty
dc: stack empty
Os valores de nx e ny estão acima do permitido. Tente valores menores.
dc: stack empty
dc: stack empty
Os valores de nx e ny estão acima do permitido. Tente valores menores.
dc: stack empty
dc: stack empty
Os valores de nx e ny estão acima do permitido. Tente valores menores.
dc: stack empty
dc: stack empty
Os valores de nx e ny estão acima do permitido. Tente valores menores.
dc: stack empty
dc: stack empty
Os valores de nx e ny estão acima do permitido. Tente valores menores.
dc: stack empty
dc: stack empty
Os valores de nx e ny estão acima do permitido. Tente valores menores.
dc: stack empty
dc: stack empty
Os valores de nx e ny estão acima do permitido. Tente valores menores.
dc: stack empty
dc: stack empty
Running size:2048
Os valores de nx e ny estão acima do permitido. Tente valores menores.
Os valores de nx e ny estão acima do permitido. Tente valores menores.
dc: stack empty
dc: stack empty
Os valores de nx e ny estão acima do permitido. Tente valores menores.
dc: stack empty
dc: stack empty
Os valores de nx e ny estão acima do permitido. Tente valores menores.
dc: stack empty
dc: stack empty
Os valores de nx e ny estão acima do permitido. Tente valores menores.
dc: stack empty
dc: stack empty
Os valores de nx e ny estão acima do permitido. Tente valores menores.
dc: stack empty
dc: stack empty
Os valores de nx e ny estão acima do permitido. Tente valores menores.
dc: stack empty
dc: stack empty
Os valores de nx e ny estão acima do permitido. Tente valores menores.
dc: stack empty
dc: stack empty
Os valores de nx e ny estão acima do permitido. Tente valores menores.
dc: stack empty
dc: stack empty
Os valores de nx e ny estão acima do permitido. Tente valores menores.
dc: stack empty
dc: stack empty
Os valores de nx e ny estão acima do permitido. Tente valores menores.
dc: stack empty
dc: stack empty
Running plot...
Failed to initialize wxWidgets.
